{
  "version": "1.5.0",
  "plugins_used": [
    {
      "name": "ArtifactoryDetector"
    },
    {
      "name": "AWSKeyDetector"
    },
    {
      "name": "AzureStorageKeyDetector"
    },
    {
      "name": "Base64HighEntropyString",
      "limit": 4.5
    },
    {
      "name": "BasicAuthDetector"
    },
    {
      "name": "CloudantDetector"
    },
    {
      "name": "DiscordBotTokenDetector"
    },
    {
      "name": "GitHubTokenDetector"
    },
    {
      "name": "GitLabTokenDetector"
    },
    {
      "name": "HexHighEntropyString",
      "limit": 3.0
    },
    {
      "name": "IbmCloudIamDetector"
    },
    {
      "name": "IbmCosHmacDetector"
    },
    {
      "name": "IPPublicDetector"
    },
    {
      "name": "JwtTokenDetector"
    },
    {
      "name": "KeywordDetector",
      "keyword_exclude": ""
    },
    {
      "name": "MailchimpDetector"
    },
    {
      "name": "NpmDetector"
    },
    {
      "name": "OpenAIDetector"
    },
    {
      "name": "PrivateKeyDetector"
    },
    {
      "name": "PypiTokenDetector"
    },
    {
      "name": "SendGridDetector"
    },
    {
      "name": "SlackDetector"
    },
    {
      "name": "SoftlayerDetector"
    },
    {
      "name": "SquareOAuthDetector"
    },
    {
      "name": "StripeDetector"
    },
    {
      "name": "TelegramBotTokenDetector"
    },
    {
      "name": "TwilioKeyDetector"
    }
  ],
  "filters_used": [
    {
      "path": "detect_secrets.filters.allowlist.is_line_allowlisted"
    },
    {
      "path": "detect_secrets.filters.common.is_baseline_file",
      "filename": ".secrets.baseline"
    },
    {
      "path": "detect_secrets.filters.common.is_ignored_due_to_verification_policies",
      "min_level": 2
    },
    {
      "path": "detect_secrets.filters.heuristic.is_indirect_reference"
    },
    {
      "path": "detect_secrets.filters.heuristic.is_likely_id_string"
    },
    {
      "path": "detect_secrets.filters.heuristic.is_lock_file"
    },
    {
      "path": "detect_secrets.filters.heuristic.is_not_alphanumeric_string"
    },
    {
      "path": "detect_secrets.filters.heuristic.is_potential_uuid"
    },
    {
      "path": "detect_secrets.filters.heuristic.is_prefixed_with_dollar_sign"
    },
    {
      "path": "detect_secrets.filters.heuristic.is_sequential_string"
    },
    {
      "path": "detect_secrets.filters.heuristic.is_swagger_file"
    },
    {
      "path": "detect_secrets.filters.heuristic.is_templated_secret"
    },
    {
      "path": "detect_secrets.filters.regex.should_exclude_file",
      "pattern": [
        "(uv\\.lock|\\.secrets\\.baseline|secrets\\.json)$"
      ]
    }
  ],
  "results": {
    "README.md": [
      {
        "type": "Secret Keyword",
        "filename": "README.md",
        "hashed_secret": "981eb7e146cab5b17b4c7f5f12af441d36d0cc36",
        "is_verified": false,
        "line_number": 46,
        "is_secret": false
      }
    ],
    "legacy_reference/tests/conftest.py": [
      {
        "type": "Secret Keyword",
        "filename": "legacy_reference/tests/conftest.py",
        "hashed_secret": "c053ecf9ed41df0311b9df13cc6c3b6078d2d3c2",
        "is_verified": false,
        "line_number": 11
      }
    ],
    "legacy_reference/tests/test_cli.py": [
      {
        "type": "Secret Keyword",
        "filename": "legacy_reference/tests/test_cli.py",
        "hashed_secret": "569ca36ad3663362fe02c1ee943df64f8e6e3a51",
        "is_verified": false,
        "line_number": 45,
        "is_secret": false
      },
      {
        "type": "Secret Keyword",
        "filename": "legacy_reference/tests/test_cli.py",
        "hashed_secret": "b78f576611ec06f96af3ca654c22172a5d746c40",
        "is_verified": false,
        "line_number": 220,
        "is_secret": false
      },
      {
        "type": "Secret Keyword",
        "filename": "legacy_reference/tests/test_cli.py",
        "hashed_secret": "c5fd961c9f737a955a308050062e7a2c34ee67c3",
        "is_verified": false,
        "line_number": 221,
        "is_secret": false
      }
    ],
    "legacy_reference/tests/test_client.py": [
      {
        "type": "Secret Keyword",
        "filename": "legacy_reference/tests/test_client.py",
        "hashed_secret": "c053ecf9ed41df0311b9df13cc6c3b6078d2d3c2",
        "is_verified": false,
        "line_number": 906,
        "is_secret": false
      }
    ],
    "legacy_reference/tests/test_mcp_stdio_contract.py": [
      {
        "type": "Secret Keyword",
        "filename": "legacy_reference/tests/test_mcp_stdio_contract.py",
        "hashed_secret": "385fcd6760f6432fcdc51c5f995ea61a31d5bbab",
        "is_verified": false,
        "line_number": 46,
        "is_secret": false
      }
    ],
    "mutation/native-baseline.json": [
      {
        "type": "Hex High Entropy String",
        "filename": "mutation/native-baseline.json",
        "hashed_secret": "4fd0d01d4bf28814c2cd93005f3f93dbf0dcbe93",
        "is_verified": false,
        "line_number": 7
      },
      {
        "type": "Hex High Entropy String",
        "filename": "mutation/native-baseline.json",
        "hashed_secret": "fb77bd79c228662e91e8ce46d5f08ed576b0d2a4",
        "is_verified": false,
        "line_number": 8,
        "is_secret": false
      },
      {
        "type": "Hex High Entropy String",
        "filename": "mutation/native-baseline.json",
        "hashed_secret": "324cb854f4bc7cb9a079c7ef81593754d4692e94",
        "is_verified": false,
        "line_number": 9,
        "is_secret": false
      },
      {
        "type": "Hex High Entropy String",
        "filename": "mutation/native-baseline.json",
        "hashed_secret": "4d57c0726907d6f996f4ac34c5155e5228cbe220",
        "is_verified": false,
        "line_number": 10,
        "is_secret": false
      },
      {
        "type": "Hex High Entropy String",
        "filename": "mutation/native-baseline.json",
        "hashed_secret": "0dc1b07f7753d4e9562a0a54a7cfdf32a349363b",
        "is_verified": false,
        "line_number": 11
      },
      {
        "type": "Hex High Entropy String",
        "filename": "mutation/native-baseline.json",
        "hashed_secret": "80752ed4e9f97d644b9e5ec58e2e38a7cc94a672",
        "is_verified": false,
        "line_number": 12,
        "is_secret": false
      },
      {
        "type": "Hex High Entropy String",
        "filename": "mutation/native-baseline.json",
        "hashed_secret": "f06c70820754831539fdb42040ca52a3f93b91c2",
        "is_verified": false,
        "line_number": 13,
        "is_secret": false
      },
      {
        "type": "Hex High Entropy String",
        "filename": "mutation/native-baseline.json",
        "hashed_secret": "dcaabff8eccb758844ab13d4763b94187e0bf1aa",
        "is_verified": false,
        "line_number": 14,
        "is_secret": false
      },
      {
        "type": "Hex High Entropy String",
        "filename": "mutation/native-baseline.json",
        "hashed_secret": "1e8a06b1e7ffd7db5783e48846de81daa74f4c41",
        "is_verified": false,
        "line_number": 15,
        "is_secret": false
      },
      {
        "type": "Hex High Entropy String",
        "filename": "mutation/native-baseline.json",
        "hashed_secret": "193a9db89454e05b0ec8928cf99411c1ff102115",
        "is_verified": false,
        "line_number": 16
      },
      {
        "type": "Hex High Entropy String",
        "filename": "mutation/native-baseline.json",
        "hashed_secret": "3c87c2cf66ff1f5c5e072e11eeeb9f32429527dc",
        "is_verified": false,
        "line_number": 17
      },
      {
        "type": "Hex High Entropy String",
        "filename": "mutation/native-baseline.json",
        "hashed_secret": "4f500cf4a911a50b761e0660c7f9ff501d0ecba9",
        "is_verified": false,
        "line_number": 18,
        "is_secret": false
      },
      {
        "type": "Hex High Entropy String",
        "filename": "mutation/native-baseline.json",
        "hashed_secret": "562ad7d7c8a4dea179287b5c2e21d3e009e4e8f5",
        "is_verified": false,
        "line_number": 19,
        "is_secret": false
      },
      {
        "type": "Hex High Entropy String",
        "filename": "mutation/native-baseline.json",
        "hashed_secret": "f3d815290a437a435b41a5aa04403c2010430928",
        "is_verified": false,
        "line_number": 20
      },
      {
        "type": "Hex High Entropy String",
        "filename": "mutation/native-baseline.json",
        "hashed_secret": "8ff4cffb9635f61271d0d695e02d2774187287ee",
        "is_verified": false,
        "line_number": 21
      },
      {
        "type": "Hex High Entropy String",
        "filename": "mutation/native-baseline.json",
        "hashed_secret": "aeefe0509a1c1fd398cbfc7e20e677f662a19b59",
        "is_verified": false,
        "line_number": 22
      },
      {
        "type": "Hex High Entropy String",
        "filename": "mutation/native-baseline.json",
        "hashed_secret": "6d016b7f094d5f4f7a8fc6a46bbd3913036d135c",
        "is_verified": false,
        "line_number": 23
      },
      {
        "type": "Hex High Entropy String",
        "filename": "mutation/native-baseline.json",
        "hashed_secret": "1efd15de302c7018b13dad1219388917545436d5",
        "is_verified": false,
        "line_number": 24,
        "is_secret": false
      },
      {
        "type": "Hex High Entropy String",
        "filename": "mutation/native-baseline.json",
        "hashed_secret": "69ca779fedd589c1ac37550957dabe7e50177dfa",
        "is_verified": false,
        "line_number": 25
      },
      {
        "type": "Hex High Entropy String",
        "filename": "mutation/native-baseline.json",
        "hashed_secret": "2b24018dee7747682322eb2e9fff1a9e96873650",
        "is_verified": false,
        "line_number": 102,
        "is_secret": false
      },
      {
        "type": "Hex High Entropy String",
        "filename": "mutation/native-baseline.json",
        "hashed_secret": "98fda738382bdf14d2b28f43df96c336fc0df7d4",
        "is_verified": false,
        "line_number": 103
      },
      {
        "type": "Hex High Entropy String",
        "filename": "mutation/native-baseline.json",
        "hashed_secret": "25b3f07ac038f110817761b4d0a56b0d4acd0a53",
        "is_verified": false,
        "line_number": 104
      },
      {
        "type": "Hex High Entropy String",
        "filename": "mutation/native-baseline.json",
        "hashed_secret": "c72cc1c274ebf23bc507d242fa3ce58e18b188bb",
        "is_verified": false,
        "line_number": 105
      },
      {
        "type": "Hex High Entropy String",
        "filename": "mutation/native-baseline.json",
        "hashed_secret": "6aa9e7e59167ccb611791f87c072a7e24ca8752a",
        "is_verified": false,
        "line_number": 106
      },
      {
        "type": "Hex High Entropy String",
        "filename": "mutation/native-baseline.json",
        "hashed_secret": "dad5f36d069590c259764e95e3a80de05d4e202a",
        "is_verified": false,
        "line_number": 107
      },
      {
        "type": "Hex High Entropy String",
        "filename": "mutation/native-baseline.json",
        "hashed_secret": "446dfc7e5ef0d52254f615731e6b94df8a9d482f",
        "is_verified": false,
        "line_number": 108
      },
      {
        "type": "Hex High Entropy String",
        "filename": "mutation/native-baseline.json",
        "hashed_secret": "3147556e6e6a822ca1920dae4ced6fef3261fcfc",
        "is_verified": false,
        "line_number": 109
      },
      {
        "type": "Hex High Entropy String",
        "filename": "mutation/native-baseline.json",
        "hashed_secret": "51ffbc0e852dfcdbd98d320a688c6d8bd841a892",
        "is_verified": false,
        "line_number": 110,
        "is_secret": false
      },
      {
        "type": "Hex High Entropy String",
        "filename": "mutation/native-baseline.json",
        "hashed_secret": "932490efad2ae55277aa8a986569c376af0a9af1",
        "is_verified": false,
        "line_number": 111
      },
      {
        "type": "Hex High Entropy String",
        "filename": "mutation/native-baseline.json",
        "hashed_secret": "28fdd6f1613f5a9415b70210b1c510cf2a39a0bd",
        "is_verified": false,
        "line_number": 112
      },
      {
        "type": "Hex High Entropy String",
        "filename": "mutation/native-baseline.json",
        "hashed_secret": "0328e13f195969d6696b2413afd71e8a660323cb",
        "is_verified": false,
        "line_number": 113
      },
      {
        "type": "Hex High Entropy String",
        "filename": "mutation/native-baseline.json",
        "hashed_secret": "843314e55a66a57466f74c41cee902920f15816b",
        "is_verified": false,
        "line_number": 114
      },
      {
        "type": "Hex High Entropy String",
        "filename": "mutation/native-baseline.json",
        "hashed_secret": "ba17a209150115a873dec15e19abba40b4f845ce",
        "is_verified": false,
        "line_number": 115
      },
      {
        "type": "Hex High Entropy String",
        "filename": "mutation/native-baseline.json",
        "hashed_secret": "ac5c2d522aeff8089b42f31e20ba96900822fb7e",
        "is_verified": false,
        "line_number": 116,
        "is_secret": false
      },
      {
        "type": "Hex High Entropy String",
        "filename": "mutation/native-baseline.json",
        "hashed_secret": "7f8f86a90e281cdde7f9db1fb02b8e2124ec9e7b",
        "is_verified": false,
        "line_number": 117
      },
      {
        "type": "Hex High Entropy String",
        "filename": "mutation/native-baseline.json",
        "hashed_secret": "7bdfbaaa3182a0469c468a7cb21b21369d64b062",
        "is_verified": false,
        "line_number": 118
      },
      {
        "type": "Hex High Entropy String",
        "filename": "mutation/native-baseline.json",
        "hashed_secret": "2979fcffb25533dcefc3e1329c077f6de7e82118",
        "is_verified": false,
        "line_number": 119
      },
      {
        "type": "Hex High Entropy String",
        "filename": "mutation/native-baseline.json",
        "hashed_secret": "e20b63007a55eeafb1c7643e1bf1b7a4912998cd",
        "is_verified": false,
        "line_number": 120
      },
      {
        "type": "Hex High Entropy String",
        "filename": "mutation/native-baseline.json",
        "hashed_secret": "63a2455aa49783d97732e57f83434f1e1de2a6d0",
        "is_verified": false,
        "line_number": 121
      },
      {
        "type": "Hex High Entropy String",
        "filename": "mutation/native-baseline.json",
        "hashed_secret": "5300330a1f59bd2e8e62cf639a1d7a6820d0f168",
        "is_verified": false,
        "line_number": 122,
        "is_secret": false
      }
    ],
    "secrets.json.template": [
      {
        "type": "Secret Keyword",
        "filename": "secrets.json.template",
        "hashed_secret": "cf109a70a9c73fd9a8061796eedc0d6a8a1d9add",
        "is_verified": false,
        "line_number": 6
      }
    ]
  },
  "generated_at": "2026-10-06T08:53:08Z"
}
